../Core/Src/fonts.c:317:6:ST7735_Init	32	static
../Core/Src/fonts.c:365:6:ST7735_SetAddressWindow	24	static
../Core/Src/fonts.c:380:6:ST7735_FillScreen	24	static
../Core/Src/fonts.c:387:6:ST7735_HW_Reset	8	static
../Core/Src/fonts.c:397:6:ST7735_WriteCommand	16	static
../Core/Src/fonts.c:406:6:ST7735_WriteData	16	static
../Core/Src/fonts.c:414:6:ST7735_WriteString	32	static
../Core/Src/fonts.c:424:6:ST7735_DrawChar	40	static
../Core/Src/fonts.c:447:6:A0_pin_set	8	static
../Core/Src/fonts.c:452:6:A0_pin_reset	8	static
../Core/Src/fonts.c:457:6:RESET_pin_set	8	static
../Core/Src/fonts.c:462:6:RESET_pin_reset	8	static
