../Core/Src/fonts.c:316:6:ST7735_Init	8	static
../Core/Src/fonts.c:339:6:ST7735_SetAddressWindow	24	static
../Core/Src/fonts.c:354:6:ST7735_FillScreen	24	static
../Core/Src/fonts.c:361:6:ST7735_HW_Reset	8	static
../Core/Src/fonts.c:371:6:ST7735_WriteCommand	16	static
../Core/Src/fonts.c:380:6:ST7735_WriteData	16	static
../Core/Src/fonts.c:388:6:ST7735_WriteString	32	static
../Core/Src/fonts.c:398:6:ST7735_DrawChar	40	static
../Core/Src/fonts.c:419:6:A0_pin_set	8	static
../Core/Src/fonts.c:422:6:A0_pin_reset	8	static
../Core/Src/fonts.c:425:6:RESET_pin_set	8	static
../Core/Src/fonts.c:428:6:RESET_pin_reset	8	static
