../Core/Src/main.c:167:5:main	32	static
../Core/Src/main.c:278:6:SystemClock_Config	88	static
../Core/Src/main.c:336:13:MX_ETH_Init	8	static
../Core/Src/main.c:392:13:MX_USB_OTG_FS_PCD_Init	8	static
../Core/Src/main.c:427:13:MX_GPIO_Init	56	static
../Core/Src/main.c:480:6:motor_input	16	static
../Core/Src/main.c:489:6:get_motor_status	16	static
../Core/Src/main.c:504:6:TIM2_IRQHandler	8	static
../Core/Src/main.c:525:6:StartDefaultTask	16	static
../Core/Src/main.c:543:6:mControl	16	static
../Core/Src/main.c:563:6:SPI_T	32	static
../Core/Src/main.c:584:6:CAN_T	16	static
../Core/Src/main.c:602:6:UART_T	24	static
../Core/Src/main.c:616:6:MPU_Config	24	static
../Core/Src/main.c:647:6:Error_Handler	4	static,ignoring_inline_asm
