../Core/Src/main.c:171:5:main	1
../Core/Src/main.c:289:6:SystemClock_Config	4
../Core/Src/main.c:347:13:MX_ETH_Init	2
../Core/Src/main.c:403:13:MX_USB_OTG_FS_PCD_Init	2
../Core/Src/main.c:438:13:MX_GPIO_Init	1
../Core/Src/main.c:491:6:motor_input	3
../Core/Src/main.c:500:6:get_motor_status	1
../Core/Src/main.c:504:6:TIM2_IRQHandler	2
../Core/Src/main.c:524:6:StartDefaultTask	1
../Core/Src/main.c:542:6:mControl	1
../Core/Src/main.c:562:6:SPI_T	1
../Core/Src/main.c:583:6:CAN_T	1
../Core/Src/main.c:605:6:UART_T	1
../Core/Src/main.c:619:6:MPU_Config	1
../Core/Src/main.c:650:6:Error_Handler	1
