../Core/Src/main.c:191:5:main	1
../Core/Src/main.c:315:6:SystemClock_Config	4
../Core/Src/main.c:373:13:MX_ETH_Init	2
../Core/Src/main.c:429:13:MX_USB_OTG_FS_PCD_Init	2
../Core/Src/main.c:464:13:MX_GPIO_Init	1
../Core/Src/main.c:530:6:get_motor_status	3
../Core/Src/main.c:546:6:ADC_IRQHandler	13
../Core/Src/main.c:653:6:TIM2_IRQHandler	2
../Core/Src/main.c:678:6:StartDefaultTask	1
../Core/Src/main.c:697:6:mControl	1
../Core/Src/main.c:717:6:SPI_T	1
../Core/Src/main.c:739:6:CAN_T	1
../Core/Src/main.c:761:6:UART_T	1
../Core/Src/main.c:776:6:MPU_Config	1
../Core/Src/main.c:807:6:Error_Handler	1
