../Core/Src/main.c:171:5:main	32	static
../Core/Src/main.c:289:6:SystemClock_Config	88	static
../Core/Src/main.c:347:13:MX_ETH_Init	8	static
../Core/Src/main.c:403:13:MX_USB_OTG_FS_PCD_Init	8	static
../Core/Src/main.c:438:13:MX_GPIO_Init	56	static
../Core/Src/main.c:491:6:motor_input	16	static
../Core/Src/main.c:500:6:get_motor_status	8	static
../Core/Src/main.c:504:6:TIM2_IRQHandler	8	static
../Core/Src/main.c:524:6:StartDefaultTask	16	static
../Core/Src/main.c:542:6:mControl	16	static
../Core/Src/main.c:562:6:SPI_T	32	static
../Core/Src/main.c:583:6:CAN_T	16	static
../Core/Src/main.c:605:6:UART_T	24	static
../Core/Src/main.c:619:6:MPU_Config	24	static
../Core/Src/main.c:650:6:Error_Handler	4	static,ignoring_inline_asm
