../Core/Src/main.c:189:5:main	32	static
../Core/Src/main.c:313:6:SystemClock_Config	88	static
../Core/Src/main.c:371:13:MX_ETH_Init	8	static
../Core/Src/main.c:427:13:MX_USB_OTG_FS_PCD_Init	8	static
../Core/Src/main.c:462:13:MX_GPIO_Init	56	static
../Core/Src/main.c:528:6:get_motor_status	16	static
../Core/Src/main.c:544:6:ADC_IRQHandler	56	static
../Core/Src/main.c:648:6:TIM2_IRQHandler	4	static
../Core/Src/main.c:672:6:StartDefaultTask	16	static
../Core/Src/main.c:691:6:mControl	16	static
../Core/Src/main.c:711:6:SPI_T	32	static
../Core/Src/main.c:733:6:CAN_T	16	static
../Core/Src/main.c:755:6:UART_T	24	static
../Core/Src/main.c:769:6:MPU_Config	24	static
../Core/Src/main.c:800:6:Error_Handler	4	static,ignoring_inline_asm
